// Jest Snapshot v1, https://goo.gl/fbAQLP

exports[`CategoryPage should render correctly 1`] = `
<div
  id="category-page-container"
>
  <div>
    <Connect(HomeNavbar) />
    <Banner />
    <div>
      <h4
        className="center-align category-header"
      >
        Specials
      </h4>
      <div
        className="row"
      >
        <div
          className="col l2 offset-l1 m2 hide-on-small-only"
        >
          <span
            className="category-section-header"
          >
            <b>
              Categories
            </b>
          </span>
          <p
            className="divider"
          />
          <div
            className="category"
          >
            <ul
              className="collapsible z-depth-0"
            >
              <li
                key="roasts"
              >
                <Link
                  className="collapsible-header truncate "
                  onClick={[Function]}
                  replace={false}
                  to="/category/roasts"
                >
                  Roasts
                </Link>
              </li>
              <li
                key="drinks"
              >
                <Link
                  className="collapsible-header truncate "
                  onClick={[Function]}
                  replace={false}
                  to="/category/drinks"
                >
                  Drinks
                </Link>
              </li>
              <li
                key="salads"
              >
                <Link
                  className="collapsible-header truncate "
                  onClick={[Function]}
                  replace={false}
                  to="/category/salads"
                >
                  Salads
                </Link>
              </li>
              <li
                key="fruits"
              >
                <Link
                  className="collapsible-header truncate "
                  onClick={[Function]}
                  replace={false}
                  to="/category/fruits"
                >
                  Fruits
                </Link>
              </li>
              <li
                key="pastas"
              >
                <Link
                  className="collapsible-header truncate "
                  onClick={[Function]}
                  replace={false}
                  to="/category/pastas"
                >
                  Pastas
                </Link>
              </li>
              <li
                key="brunch"
              >
                <Link
                  className="collapsible-header truncate "
                  onClick={[Function]}
                  replace={false}
                  to="/category/brunch"
                >
                  Brunch
                </Link>
              </li>
              <li
                key="desserts"
              >
                <Link
                  className="collapsible-header truncate "
                  onClick={[Function]}
                  replace={false}
                  to="/category/desserts"
                >
                  Desserts
                </Link>
              </li>
              <li
                key="seafoods"
              >
                <Link
                  className="collapsible-header truncate "
                  onClick={[Function]}
                  replace={false}
                  to="/category/seafoods"
                >
                  Seafoods
                </Link>
              </li>
              <li
                key="specials"
              >
                <Link
                  className="collapsible-header truncate active"
                  onClick={[Function]}
                  replace={false}
                  to="/category/specials"
                >
                  Specials
                </Link>
              </li>
              <li
                key="breakfast"
              >
                <Link
                  className="collapsible-header truncate "
                  onClick={[Function]}
                  replace={false}
                  to="/category/breakfast"
                >
                  Breakfast
                </Link>
              </li>
              <li
                key="smoothies"
              >
                <Link
                  className="collapsible-header truncate "
                  onClick={[Function]}
                  replace={false}
                  to="/category/smoothies"
                >
                  Smoothies
                </Link>
              </li>
              <li
                key="vegetables"
              >
                <Link
                  className="collapsible-header truncate "
                  onClick={[Function]}
                  replace={false}
                  to="/category/vegetables"
                >
                  Vegetables
                </Link>
              </li>
              <li
                key="appetizers"
              >
                <Link
                  className="collapsible-header truncate "
                  onClick={[Function]}
                  replace={false}
                  to="/category/appetizers"
                >
                  Appetizers
                </Link>
              </li>
              <li
                key="side dishes"
              >
                <Link
                  className="collapsible-header truncate "
                  onClick={[Function]}
                  replace={false}
                  to="/category/side dishes"
                >
                  Side dishes
                </Link>
              </li>
              <li
                key="others"
              >
                <Link
                  className="collapsible-header truncate "
                  onClick={[Function]}
                  replace={false}
                  to="/category/others"
                >
                  Others
                </Link>
              </li>
            </ul>
          </div>
        </div>
        <div
          className="col l8 m10"
        >
          <span
            className="recipe-section-header"
          >
            <b>
              Recipes
            </b>
          </span>
          <p
            className="divider"
          />
          <div
            className="row"
          >
            <RecipeItem
              downvote={[MockFunction]}
              grid="l4 m6"
              index={1}
              key="1"
              recipe={
                Object {
                  "category": "specials",
                  "createdAt": "2018-02-05T07:00:47.980Z",
                  "downvote": 0,
                  "id": 1,
                  "image": "spice.jpg",
                  "ingredients": "**A list of ingredients for preparing Chicken soup**
                  * 1 (3 pound) whole chicken
                  * 4 carrots, halved
                  * 4 stalks celery, halved
                  * 1 large onion, halved
                  * water to cover
                  * salt and pepper to taste
                  * 1 teaspoon chicken bouillon granules (optional)
                  * 1/2 teaspoon lemonade",
                  "instructions": "* Put the chicken, carrots, celery and onion in a large
                  soup pot and cover with cold water. Heat and simmer, 
                  uncovered, until the chicken meat falls off of the bones
                  (skim off foam every so often).
                  * Take everything out of the pot. Strain the broth. 
                  Pick the meat off of the bones and chop the carrots, celery 
                  and onion. Season the broth with salt, pepper and chicken 
                  bouillon to taste, if desired. Return the chicken, carrots, 
                  celery and onion to the pot, stir together, and serve.",
                  "recipeName": "Chicken Soup",
                  "upvote": 0,
                  "views": 0,
                }
              }
              upvote={[MockFunction]}
            />
          </div>
          <div
            className="pagination-container"
          >
            <PaginationBoxView
              activeClassName="active"
              breakClassName="break-me"
              breakLabel={
                <a
                  href=""
                >
                  ...
                </a>
              }
              containerClassName="pagination"
              disableInitialCallback={true}
              disabledClassName="disabled"
              initialPage={0}
              marginPagesDisplayed={2}
              nextClassName="next"
              nextLabel={
                <i
                  className="fa fa-chevron-right"
                />
              }
              onPageChange={[Function]}
              pageCount={1}
              pageRangeDisplayed={5}
              previousClassName="previous"
              previousLabel={
                <i
                  className="fa fa-chevron-left"
                />
              }
              subContainerClassName="pages pagination"
            />
          </div>
        </div>
      </div>
    </div>
    <Connect(SideNav) />
    <Footer />
  </div>
</div>
`;
