// Jest Snapshot v1, https://goo.gl/fbAQLP

exports[`The HomePage Component should render correctly 1`] = `
<div
  className="home"
>
  <div
    className="bg-home"
  >
    <div
      className="bg-overlay"
    >
      <img
        alt=""
        className="responsive-img"
        src="favicon.ico"
      />
      <h3>
        Welcome to awesome tastefullness!
      </h3>
      <h5>
        Creating and sharing recipes has never been much fun
      </h5>
      <Link
        replace={false}
        to="/signup"
      >
        <button
          className="btn btn-home"
        >
          Sign up
        </button>
      </Link>
      <Link
        replace={false}
        to="/signin"
      >
        <button
          className="btn btn-home"
        >
          Sign In
        </button>
      </Link>
    </div>
  </div>
</div>
`;
