// Jest Snapshot v1, https://goo.gl/fbAQLP

exports[`The SigninPage Component should render correctly 1`] = `
<div>
  <nav
    className="header"
  >
    <div
      className="nav-wrapper"
    >
      <Link
        className="brand-logo return"
        replace={false}
        to="/"
      >
        <span
          className="fa fa-angle-left"
        />
         Back to More-Recipies
      </Link>
      <a
        className="button-collapse"
        data-activates="navlink"
      >
        <i
          className="material-icons"
        >
          menu
        </i>
      </a>
      <ul
        className="right hide-on-med-and-down return"
      >
        <li>
          <Link
            replace={false}
            to="/signup"
          >
            Sign Up
          </Link>
        </li>
      </ul>
      <ul
        className="side-nav teal"
        id="navlink"
      >
        <li>
          <Link
            className="white-text"
            replace={false}
            to="/signup"
          >
            Sign Up
          </Link>
        </li>
      </ul>
    </div>
  </nav>
  <div
    className="row center-align"
  >
    <div
      className="col s12 l6 m8 offset-l3 offset-m2"
    >
      <div
        className="card blue-grey darken-1"
      >
        <div
          className="card-content white-text"
        >
          <h5>
            Login
          </h5>
        </div>
      </div>
    </div>
  </div>
  <Connect(SigninForm)
    history={Object {}}
  />
</div>
`;
