// Jest Snapshot v1, https://goo.gl/fbAQLP

exports[`The TopRecipes Component should render correctly 1`] = `
<Provider
  store={
    Object {
      "clearActions": [Function],
      "dispatch": [Function],
      "getActions": [Function],
      "getState": [Function],
      "replaceReducer": [Function],
      "subscribe": [Function],
    }
  }
>
  <BrowserRouter>
    <Router
      history={
        Object {
          "action": "POP",
          "block": [Function],
          "createHref": [Function],
          "go": [Function],
          "goBack": [Function],
          "goForward": [Function],
          "length": 1,
          "listen": [Function],
          "location": Object {
            "hash": "",
            "pathname": "blank",
            "search": "",
            "state": undefined,
          },
          "push": [Function],
          "replace": [Function],
        }
      }
    >
      <Connect(TopRecipes)
        topRecipes={
          Array [
            Object {
              "category": "specials",
              "id": 1,
              "ingredients": "**A list of ingredients for preparing Chicken soup**
                  * 1 (3 pound) whole chicken
                  * 4 carrots, halved
                  * 4 stalks celery, halved
                  * 1 large onion, halved
                  * water to cover
                  * salt and pepper to taste
                  * 1 teaspoon chicken bouillon granules (optional)",
              "instructions": "* Put the chicken, carrots, celery and onion in a large soup
                  pot and cover with cold water. Heat and simmer, uncovered,
                  until the chicken meat falls off of the bones
                  (skim off foam every so often).
                  * Take everything out of the pot. Strain the broth. 
                  Pick the meat off of the bones and chop the carrots, celery 
                  and onion. Season the broth with salt, pepper and chicken 
                  bouillon to taste, if desired. Return the chicken, carrots, 
                  celery and onion to the pot, stir together, and serve.",
              "recipeName": "Chicken Soup",
            },
          ]
        }
      >
        <TopRecipes
          dispatch={[Function]}
          topRecipes={
            Array [
              Object {
                "category": "specials",
                "id": 1,
                "ingredients": "**A list of ingredients for preparing Chicken soup**
                  * 1 (3 pound) whole chicken
                  * 4 carrots, halved
                  * 4 stalks celery, halved
                  * 1 large onion, halved
                  * water to cover
                  * salt and pepper to taste
                  * 1 teaspoon chicken bouillon granules (optional)",
                "instructions": "* Put the chicken, carrots, celery and onion in a large soup
                  pot and cover with cold water. Heat and simmer, uncovered,
                  until the chicken meat falls off of the bones
                  (skim off foam every so often).
                  * Take everything out of the pot. Strain the broth. 
                  Pick the meat off of the bones and chop the carrots, celery 
                  and onion. Season the broth with salt, pepper and chicken 
                  bouillon to taste, if desired. Return the chicken, carrots, 
                  celery and onion to the pot, stir together, and serve.",
                "recipeName": "Chicken Soup",
              },
            ]
          }
        >
          <div
            className="col l3 m4 s12"
          >
            <span>
              <b>
                Top of the Week
              </b>
            </span>
            <p
              className="divider"
            />
            <div
              id="trending"
            >
              <ul
                className="collection"
              >
                <TopRecipeItem
                  key="1"
                  recipe={
                    Object {
                      "category": "specials",
                      "id": 1,
                      "ingredients": "**A list of ingredients for preparing Chicken soup**
                  * 1 (3 pound) whole chicken
                  * 4 carrots, halved
                  * 4 stalks celery, halved
                  * 1 large onion, halved
                  * water to cover
                  * salt and pepper to taste
                  * 1 teaspoon chicken bouillon granules (optional)",
                      "instructions": "* Put the chicken, carrots, celery and onion in a large soup
                  pot and cover with cold water. Heat and simmer, uncovered,
                  until the chicken meat falls off of the bones
                  (skim off foam every so often).
                  * Take everything out of the pot. Strain the broth. 
                  Pick the meat off of the bones and chop the carrots, celery 
                  and onion. Season the broth with salt, pepper and chicken 
                  bouillon to taste, if desired. Return the chicken, carrots, 
                  celery and onion to the pot, stir together, and serve.",
                      "recipeName": "Chicken Soup",
                    }
                  }
                >
                  <Link
                    replace={false}
                    to="/recipes/1"
                  >
                    <a
                      href="/recipes/1"
                      onClick={[Function]}
                    >
                      <li
                        className="collection-item avatar"
                      >
                        <img
                          alt=""
                          className="z-depth-1 square"
                        />
                        <span
                          className="title red-text"
                        >
                          Chicken Soup
                        </span>
                      </li>
                    </a>
                  </Link>
                </TopRecipeItem>
              </ul>
            </div>
          </div>
        </TopRecipes>
      </Connect(TopRecipes)>
    </Router>
  </BrowserRouter>
</Provider>
`;
