// Jest Snapshot v1, https://goo.gl/fbAQLP

exports[`The WelcomeMessage Component should render correctly 1`] = `
<WelcomeMessage>
  <div
    className="row center-align"
  >
    <div
      className="col l10 offset-l1"
    >
      <p
        className="welcome-msg hide-on-small-only"
      >
        Hi there! Welcome to More-Recipes, your number one favorite stop for getting mouth watering delicacies that will make you ask for more. Creating an account is as simple as turning a ladle in a soup pot.  Now that you have joined do not forget the reason why we are here to begin with; to create and share some tatstilicious goodness. Recipes with the most upvotes get featured in our Top of the week!
      </p>
    </div>
  </div>
</WelcomeMessage>
`;
