// Jest Snapshot v1, https://goo.gl/fbAQLP

exports[`UserProfile should render correctly 1`] = `
<div
  className="col l9 m12 s12 offset-l3"
  id="user-profile"
>
  <Connect(WelcomeDisplay)
    selected="profile"
  />
  <div
    className="row"
    id="my-profile"
  >
    <div
      className="col l12 m12 s12"
    >
      <div
        className="row"
      >
        <div
          className="col l4 m4"
        >
          <div
            className="card z-depth-2"
          >
            <div
              className="card-image"
            >
              <img
                alt=""
                className="responsive-img"
                src="test-file-stub"
              />
            </div>
          </div>
        </div>
        <div
          className="col l8 m8 s12"
        >
          <form
            id="profile-form"
          >
            <div
              className="browser-default"
            >
              <label
                htmlFor="first-name"
              >
                First Name
              </label>
              <input
                id="first-name"
                type="text"
              />
            </div>
            <div
              className="browser-default"
            >
              <label
                htmlFor="last-name"
              >
                Last Name
              </label>
              <input
                id="last-name"
                type="text"
              />
            </div>
            <div
              className="browser-default"
            >
              <label
                htmlFor="handle"
              >
                Public Display Name
              </label>
              <input
                defaultValue="@username"
                disabled={true}
                id="handle"
                type="text"
              />
            </div>
            <div
              className="browser-default"
            >
              <label
                htmlFor="about-me"
              >
                About Me
              </label>
              <textarea
                id="about-me"
              />
            </div>
            <a
              className="btn right blue"
              href=""
            >
              <i
                className="fa fa-save"
              />
               Save Profile Details
            </a>
          </form>
        </div>
      </div>
    </div>
  </div>
</div>
`;
